// Jest Snapshot v1, https://goo.gl/fbAQLP

exports[`TodoList renders 1`] = `
<ul
  className="css-155za0w"
  role="list"
>
  <li
    className="css-1xkergn"
    onClick={[Function]}
  >
    first
    <div
      className="css-k008qs"
    >
      <svg
        className="chakra-icon chakra-icon css-1kgncjz"
        focusable={false}
        role="presentation"
        viewBox="0 0 14 14"
      >
        <g
          fill="currentColor"
        >
          <polygon
            points="5.5 11.9993304 14 3.49933039 12.5 2 5.5 8.99933039 1.5 4.9968652 0 6.49933039"
          />
        </g>
      </svg>
      <button
        className="chakra-button css-5c2176"
        onClick={[Function]}
        type="button"
      >
        Delete
      </button>
    </div>
  </li>
  <li
    className="css-1xkergn"
    onClick={[Function]}
  >
    two
    <div
      className="css-k008qs"
    >
      <svg
        className="chakra-icon chakra-icon css-1kgncjz"
        focusable={false}
        role="presentation"
        viewBox="0 0 14 14"
      >
        <g
          fill="currentColor"
        >
          <polygon
            points="5.5 11.9993304 14 3.49933039 12.5 2 5.5 8.99933039 1.5 4.9968652 0 6.49933039"
          />
        </g>
      </svg>
      <button
        className="chakra-button css-5c2176"
        onClick={[Function]}
        type="button"
      >
        Delete
      </button>
    </div>
  </li>
  <li
    className="css-1xkergn"
    onClick={[Function]}
  >
    three
    <div
      className="css-k008qs"
    >
      <svg
        className="chakra-icon chakra-icon css-1kgncjz"
        focusable={false}
        role="presentation"
        viewBox="0 0 14 14"
      >
        <g
          fill="currentColor"
        >
          <polygon
            points="5.5 11.9993304 14 3.49933039 12.5 2 5.5 8.99933039 1.5 4.9968652 0 6.49933039"
          />
        </g>
      </svg>
      <button
        className="chakra-button css-5c2176"
        onClick={[Function]}
        type="button"
      >
        Delete
      </button>
    </div>
  </li>
</ul>
`;
